BL51 BANKED LINKER/LOCATER V6.22.2.0                                                    04/03/2019  03:20:59  PAGE 1


BL51 BANKED LINKER/LOCATER V6.22.2.0, INVOKED BY:
D:\KEIL_V5\C51\BIN\BL51.EXE .\Objects\main.obj, .\Objects\STARTUP.obj, .\Objects\i2c_handler.obj, .\Objects\Common.obj, 
>> .\Objects\Delay.obj, .\Objects\TDS1307.obj, .\Objects\TSSD1306.obj, .\Objects\OneLineSymbols.obj TO .\Objects\N76E003
>> Test PRINT (.\Listings\N76E003Test.m51) RAMSIZE (256) DISABLEWARNING (16)


MEMORY MODEL: COMPACT


INPUT MODULES INCLUDED:
  .\Objects\main.obj (MAIN)
  .\Objects\STARTUP.obj (?C_STARTUP)
  .\Objects\i2c_handler.obj (I2C_HANDLER)
  .\Objects\Common.obj (COMMON)
  .\Objects\Delay.obj (DELAY)
  .\Objects\TDS1307.obj (TDS1307)
  .\Objects\TSSD1306.obj (TSSD1306)
  .\Objects\OneLineSymbols.obj (ONELINESYMBOLS)
  D:\KEIL_V5\C51\LIB\C51C.LIB (?C_INIT)
  D:\KEIL_V5\C51\LIB\C51C.LIB (?C?CLDOPTR)
  D:\KEIL_V5\C51\LIB\C51C.LIB (?C?ULDIV)
  D:\KEIL_V5\C51\LIB\C51C.LIB (?C?ULCMP)
  D:\KEIL_V5\C51\LIB\C51C.LIB (?C?ULSHR)
  D:\KEIL_V5\C51\LIB\C51C.LIB (?C?LLDPDATA)
  D:\KEIL_V5\C51\LIB\C51C.LIB (?C?LLDPDATA0)
  D:\KEIL_V5\C51\LIB\C51C.LIB (?C?LSTPDATA)
  D:\KEIL_V5\C51\LIB\C51C.LIB (?C?OFFXADD)
  D:\KEIL_V5\C51\LIB\C51C.LIB (?C?PLDPDATA)
  D:\KEIL_V5\C51\LIB\C51C.LIB (?C?PSTPDATA)
  D:\KEIL_V5\C51\LIB\C51C.LIB (PRINTF)
  D:\KEIL_V5\C51\LIB\C51C.LIB (?C?CLDPTR)
  D:\KEIL_V5\C51\LIB\C51C.LIB (?C?CSTPTR)
  D:\KEIL_V5\C51\LIB\C51C.LIB (?C?PLDIPDATA)
  D:\KEIL_V5\C51\LIB\C51C.LIB (?C?CCASE)
  D:\KEIL_V5\C51\LIB\C51C.LIB (PUTCHAR)


LINK MAP OF MODULE:  .\Objects\N76E003Test (MAIN)


            TYPE    BASE      LENGTH    RELOCATION   SEGMENT NAME
            -----------------------------------------------------

            * * * * * * *   D A T A   M E M O R Y   * * * * * * *
            REG     0000H     0008H     ABSOLUTE     "REG BANK 0"
            DATA    0008H     0005H     UNIT         _DATA_GROUP_
                    000DH     0013H                  *** GAP ***
            BIT     0020H.0   0001H.1   UNIT         _BIT_GROUP_
            BIT     0021H.1   0000H.1   UNIT         ?BI?DELAY
                    0021H.2   0000H.6                *** GAP ***
            IDATA   0022H     0001H     UNIT         ?STACK

            * * * * * * *  X D A T A   M E M O R Y  * * * * * * *
            XDATA   0000H     0004H     INPAGE       ?PD?_INITIALUART0_TIMER3?COMMON
            XDATA   0004H     0004H     INPAGE       ?PD?_INITIALUART1_TIMER3?COMMON
            XDATA   0008H     0004H     INPAGE       ?PD?_TIMER0_DELAY100US?DELAY
            XDATA   000CH     0004H     INPAGE       ?PD?_TIMER0_DELAY1MS?DELAY
            XDATA   0010H     0004H     INPAGE       ?PD?_TIMER1_DELAY10MS?DELAY
BL51 BANKED LINKER/LOCATER V6.22.2.0                                                  04/03/2019  03:20:59  PAGE 2


            XDATA   0014H     0004H     INPAGE       ?PD?_TIMER2_DELAY500US?DELAY
            XDATA   0018H     0004H     INPAGE       ?PD?_TIMER3_DELAY10US?DELAY
            XDATA   001CH     0002H     INPAGE       ?PD?_RTC_SETDATA?TDS1307
            XDATA   001EH     0007H     INPAGE       ?PD?_RTC_SET?TDS1307
            XDATA   0025H     0001H     INPAGE       ?PD?_RTC_SETTINGS?TDS1307
            XDATA   0026H     0002H     INPAGE       ?PD?_RTC_WRITE_GPRAM?TDS1307
            XDATA   0028H     0002H     INPAGE       ?PD?_RTC_READ_GPRAM?TDS1307
            XDATA   002AH     0002H     INPAGE       ?PD?_OLED_CLEARLINE?TSSD1306
            XDATA   002CH     000AH     INPAGE       ?PD?TSSD1306
            XDATA   0036H     0001H     INPAGE       ?PD?_OLED_DRAWTRIANGLE?ONELINESYMBOLS
            XDATA   0037H     001BH     INPAGE       _PDATA_GROUP_

            * * * * * * *   C O D E   M E M O R Y   * * * * * * *
            CODE    0000H     0003H     ABSOLUTE     
            CODE    0003H     03B9H     UNIT         ?CO?TSSD1306
            CODE    03BCH     035BH     UNIT         ?PR?PRINTF?PRINTF
            CODE    0717H     01C3H     UNIT         ?C?LIB_CODE
            CODE    08DAH     00D7H     UNIT         ?PR?MAIN?MAIN
            CODE    09B1H     00BEH     UNIT         ?PR?_OLED_DRAWBATTERY?ONELINESYMBOLS
            CODE    0A6FH     00B2H     UNIT         ?PR?OLED_INIT?TSSD1306
            CODE    0B21H     00ACH     UNIT         ?C_C51STARTUP
            CODE    0BCDH     00A9H     UNIT         ?PR?_OLED_WRITECHAR?TSSD1306
            CODE    0C76H     005BH     UNIT         ?PR?_OLED_DRAWANTENNA?ONELINESYMBOLS
            CODE    0CD1H     0058H     UNIT         ?PR?_OLED_SETCURSOR?TSSD1306
            CODE    0D29H     0052H     UNIT         ?PR?_OLED_DRAWSPACER?ONELINESYMBOLS
            CODE    0D7BH     004CH     UNIT         ?PR?OLED_CLEAR?TSSD1306
            CODE    0DC7H     004AH     UNIT         ?CO?ONELINESYMBOLS
            CODE    0E11H     0048H     UNIT         ?PR?_RTC_SET?TDS1307
            CODE    0E59H     0045H     UNIT         ?PR?_OLED_SETTINGS?TSSD1306
            CODE    0E9EH     0041H     UNIT         ?PR?_OLED_CLEARFIELD?TSSD1306
            CODE    0EDFH     003CH     UNIT         ?PR?_OLED_CLEARLINE?TSSD1306
            CODE    0F1BH     0038H     UNIT         ?PR?COMMON
            CODE    0F53H     0036H     UNIT         ?PR?_TIMER2_DELAY500US?DELAY
            CODE    0F89H     0036H     UNIT         ?PR?DELAY
            CODE    0FBFH     0033H     UNIT         ?PR?_TIMER1_DELAY10MS?DELAY
            CODE    0FF2H     0033H     UNIT         ?PR?_OLED_DRAWMESSAGE?ONELINESYMBOLS
            CODE    1025H     0032H     UNIT         ?PR?_TIMER3_DELAY100MS?DELAY
            CODE    1057H     0032H     UNIT         ?PR?_TIMER3_DELAY10US?DELAY
            CODE    1089H     002DH     UNIT         ?PR?_INITIALUART0_TIMER1?COMMON
            CODE    10B6H     002DH     UNIT         ?PR?_INITIALUART1_TIMER3?COMMON
            CODE    10E3H     002DH     UNIT         ?PR?_OLED_DRAWTRIANGLE?ONELINESYMBOLS
            CODE    1110H     002BH     UNIT         ?PR?_I2C_RESTART?I2C_HANDLER
            CODE    113BH     002BH     UNIT         ?PR?_I2C_START?I2C_HANDLER
            CODE    1166H     002AH     UNIT         ?PR?_RTC_SETTINGS?TDS1307
            CODE    1190H     0028H     UNIT         ?PR?_RTC_READ_GPRAM?TDS1307
            CODE    11B8H     0028H     UNIT         ?PR?_RTC_GETDATA?TDS1307
            CODE    11E0H     0027H     UNIT         ?PR?_OLED_WRITE?TSSD1306
            CODE    1207H     0027H     UNIT         ?PR?PUTCHAR?PUTCHAR
            CODE    122EH     0026H     UNIT         ?CO?MAIN
            CODE    1254H     0026H     UNIT         ?PR?_TIMER0_DELAY100US?DELAY
            CODE    127AH     0026H     UNIT         ?PR?_TIMER0_DELAY1MS?DELAY
            CODE    12A0H     0023H     UNIT         ?PR?_OLED_WRITEINT?TSSD1306
            CODE    12C3H     0022H     UNIT         ?PR?_INITIALUART0_TIMER3?COMMON
            CODE    12E5H     0020H     UNIT         ?PR?ONELINESYMBOLS
            CODE    1305H     001FH     UNIT         ?PR?_RTC_WRITE_GPRAM?TDS1307
            CODE    1324H     001FH     UNIT         ?PR?_OLED_SETCONTRAST?TSSD1306
            CODE    1343H     001FH     UNIT         ?C_INITSEG
BL51 BANKED LINKER/LOCATER V6.22.2.0                                                  04/03/2019  03:20:59  PAGE 3


            CODE    1362H     001DH     UNIT         ?PR?_RTC_SETDATA?TDS1307
            CODE    137FH     0012H     UNIT         ?PR?I2C_INIT?I2C_HANDLER
            CODE    1391H     0012H     UNIT         ?PR?_I2C_WRITE?I2C_HANDLER
            CODE    13A3H     0011H     UNIT         ?PR?_I2C_READ?I2C_HANDLER
            CODE    13B4H     0011H     UNIT         ?PR?_BCD_TOINT?TDS1307
            CODE    13C5H     0010H     UNIT         ?PR?_OLED_SETFONT?TSSD1306
            CODE    13D5H     0009H     UNIT         ?PR?TSSD1306
            CODE    13DEH     0008H     UNIT         ?PR?RECEIVE_DATA_FROM_UART0?COMMON
            CODE    13E6H     0008H     UNIT         ?PR?_SEND_DATA_TO_UART0?COMMON
            CODE    13EEH     0008H     UNIT         ?PR?RECEIVE_DATA_FROM_UART1?COMMON
            CODE    13F6H     0008H     UNIT         ?PR?_SEND_DATA_TO_UART1?COMMON
            CODE    13FEH     0005H     UNIT         ?PR?I2C_STOP?I2C_HANDLER



OVERLAY MAP OF MODULE:   .\Objects\N76E003Test (MAIN)


SEGMENT                                          BIT_GROUP          DATA_GROUP          PDATA_GROUP
  +--> CALLED SEGMENT                         START    LENGTH     START    LENGTH     START    LENGTH
-----------------------------------------------------------------------------------------------------
?C_C51STARTUP                                 -----    -----      -----    -----      -----    -----
  +--> ?PR?MAIN?MAIN
  +--> ?C_INITSEG

?PR?MAIN?MAIN                                 -----    -----      -----    -----      -----    -----
  +--> ?PR?_OLED_SETTINGS?TSSD1306
  +--> ?PR?OLED_INIT?TSSD1306
  +--> ?PR?_OLED_SETCONTRAST?TSSD1306
  +--> ?PR?OLED_CLEAR?TSSD1306
  +--> ?PR?_OLED_SETFONT?TSSD1306
  +--> ?CO?MAIN
  +--> ?PR?_OLED_WRITE?TSSD1306
  +--> ?PR?_OLED_SETCURSOR?TSSD1306
  +--> ?PR?_OLED_DRAWMESSAGE?ONELINESYMBOLS
  +--> ?PR?_OLED_DRAWBATTERY?ONELINESYMBOLS
  +--> ?PR?_OLED_DRAWANTENNA?ONELINESYMBOLS
  +--> ?PR?_OLED_CLEARFIELD?TSSD1306
  +--> ?PR?_OLED_DRAWSPACER?ONELINESYMBOLS
  +--> ?PR?_RTC_GETDATA?TDS1307
  +--> ?PR?_OLED_WRITEINT?TSSD1306
  +--> ?PR?_TIMER3_DELAY100MS?DELAY

?PR?OLED_INIT?TSSD1306                        -----    -----      -----    -----      -----    -----
  +--> ?PR?I2C_INIT?I2C_HANDLER
  +--> ?PR?_I2C_START?I2C_HANDLER
  +--> ?PR?_I2C_WRITE?I2C_HANDLER
  +--> ?PR?TSSD1306
  +--> ?PR?I2C_STOP?I2C_HANDLER

?PR?_OLED_SETCONTRAST?TSSD1306                -----    -----      -----    -----      0037H    0001H
  +--> ?PR?_I2C_START?I2C_HANDLER
  +--> ?PR?_I2C_WRITE?I2C_HANDLER
  +--> ?PR?I2C_STOP?I2C_HANDLER

?PR?OLED_CLEAR?TSSD1306                       -----    -----      -----    -----      0049H    0002H
  +--> ?PR?TSSD1306
BL51 BANKED LINKER/LOCATER V6.22.2.0                                                  04/03/2019  03:20:59  PAGE 4


  +--> ?PR?_OLED_SETCURSOR?TSSD1306
  +--> ?PR?_I2C_START?I2C_HANDLER
  +--> ?PR?_I2C_WRITE?I2C_HANDLER
  +--> ?PR?I2C_STOP?I2C_HANDLER

?PR?_OLED_SETCURSOR?TSSD1306                  -----    -----      -----    -----      004BH    0002H
  +--> ?PR?_I2C_START?I2C_HANDLER
  +--> ?PR?_I2C_WRITE?I2C_HANDLER
  +--> ?PR?TSSD1306
  +--> ?PR?I2C_STOP?I2C_HANDLER

?PR?_OLED_WRITE?TSSD1306                      -----    -----      -----    -----      0043H    0004H
  +--> ?PR?_OLED_WRITECHAR?TSSD1306

?PR?_OLED_WRITECHAR?TSSD1306                  -----    -----      -----    -----      0047H    0002H
  +--> ?PR?_I2C_START?I2C_HANDLER
  +--> ?PR?_I2C_WRITE?I2C_HANDLER
  +--> ?CO?TSSD1306
  +--> ?PR?I2C_STOP?I2C_HANDLER
  +--> ?PR?TSSD1306
  +--> ?PR?_OLED_SETCURSOR?TSSD1306
  +--> ?PR?OLED_CLEAR?TSSD1306

?PR?_OLED_DRAWMESSAGE?ONELINESYMBOLS          -----    -----      -----    -----      0037H    0001H
  +--> ?PR?_OLED_SETCURSOR?TSSD1306
  +--> ?PR?_I2C_START?I2C_HANDLER
  +--> ?PR?_I2C_WRITE?I2C_HANDLER
  +--> ?CO?ONELINESYMBOLS
  +--> ?PR?I2C_STOP?I2C_HANDLER

?PR?_OLED_DRAWBATTERY?ONELINESYMBOLS          -----    -----      -----    -----      0037H    0002H
  +--> ?PR?_OLED_SETCURSOR?TSSD1306
  +--> ?PR?_I2C_START?I2C_HANDLER
  +--> ?PR?_I2C_WRITE?I2C_HANDLER
  +--> ?PR?ONELINESYMBOLS
  +--> ?CO?ONELINESYMBOLS
  +--> ?PR?I2C_STOP?I2C_HANDLER

?PR?_OLED_DRAWANTENNA?ONELINESYMBOLS          -----    -----      -----    -----      0037H    0002H
  +--> ?PR?_OLED_SETCURSOR?TSSD1306
  +--> ?PR?_I2C_START?I2C_HANDLER
  +--> ?PR?_I2C_WRITE?I2C_HANDLER
  +--> ?PR?ONELINESYMBOLS
  +--> ?PR?I2C_STOP?I2C_HANDLER
  +--> ?CO?ONELINESYMBOLS

?PR?_OLED_CLEARFIELD?TSSD1306                 -----    -----      -----    -----      0037H    0004H
  +--> ?PR?_OLED_SETCURSOR?TSSD1306
  +--> ?PR?_I2C_START?I2C_HANDLER
  +--> ?PR?_I2C_WRITE?I2C_HANDLER
  +--> ?PR?I2C_STOP?I2C_HANDLER

?PR?_OLED_DRAWSPACER?ONELINESYMBOLS           -----    -----      -----    -----      0037H    0002H
  +--> ?PR?_OLED_SETCURSOR?TSSD1306
  +--> ?PR?_I2C_START?I2C_HANDLER
  +--> ?PR?_I2C_WRITE?I2C_HANDLER
  +--> ?PR?ONELINESYMBOLS
BL51 BANKED LINKER/LOCATER V6.22.2.0                                                  04/03/2019  03:20:59  PAGE 5


  +--> ?PR?I2C_STOP?I2C_HANDLER

?PR?_RTC_GETDATA?TDS1307                      -----    -----      -----    -----      0037H    0002H
  +--> ?PR?_I2C_START?I2C_HANDLER
  +--> ?PR?_I2C_WRITE?I2C_HANDLER
  +--> ?PR?_I2C_RESTART?I2C_HANDLER
  +--> ?PR?_I2C_READ?I2C_HANDLER
  +--> ?PR?I2C_STOP?I2C_HANDLER
  +--> ?PR?_BCD_TOINT?TDS1307

?PR?_OLED_WRITEINT?TSSD1306                   -----    -----      -----    -----      0037H    000CH
  +--> ?CO?TSSD1306
  +--> ?PR?PRINTF?PRINTF
  +--> ?PR?_OLED_WRITE?TSSD1306

?PR?PRINTF?PRINTF                             0020H.0  0001H.1    0008H    0005H      0043H    000FH
  +--> ?PR?PUTCHAR?PUTCHAR

?PR?_TIMER3_DELAY100MS?DELAY                  -----    -----      -----    -----      0037H    0004H
  +--> ?PR?DELAY



SYMBOL TABLE OF MODULE:  .\Objects\N76E003Test (MAIN)

  VALUE           TYPE          NAME
  ----------------------------------

  -------         MODULE        MAIN
  C:0000H         SYMBOL        _ICE_DUMMY_
  D:0080H         PUBLIC        P0
  D:0090H         PUBLIC        P1
  D:00A0H         PUBLIC        P2
  D:00B0H         PUBLIC        P3
  D:00D8H         PUBLIC        PWMCON0
  D:00A8H         PUBLIC        IE
  D:00B8H         PUBLIC        IP
  C:08DAH         PUBLIC        main
  D:0098H         PUBLIC        SCON
  D:0088H         PUBLIC        TCON
  D:00F8H         PUBLIC        SCON_1
  D:00E8H         PUBLIC        ADCCON0
  D:00C0H         PUBLIC        I2CON
  D:00C8H         PUBLIC        T2CON
  D:00D0H         PUBLIC        PSW
  C:0995H         SYMBOL        L?0004
  C:099EH         SYMBOL        L?0005
  C:09A7H         SYMBOL        L?0006
  -------         PROC          MAIN
  C:08DAH         LINE#         10
  C:08DAH         LINE#         11
  C:08DAH         LINE#         13
  C:08E3H         LINE#         15
  C:08E6H         LINE#         17
  C:08EBH         LINE#         19
  C:08EEH         LINE#         21
  C:08F3H         LINE#         22
BL51 BANKED LINKER/LOCATER V6.22.2.0                                                  04/03/2019  03:20:59  PAGE 6


  C:08FCH         LINE#         25
  C:0903H         LINE#         26
  C:0908H         LINE#         28
  C:0911H         LINE#         30
  C:0918H         LINE#         31
  C:0921H         LINE#         32
  C:092AH         LINE#         33
  C:0931H         LINE#         34
  C:0931H         LINE#         35
  C:0931H         LINE#         36
  C:093AH         LINE#         37
  C:093FH         LINE#         38
  C:0942H         LINE#         39
  C:0947H         LINE#         40
  C:094AH         LINE#         41
  C:094FH         LINE#         42
  C:095CH         LINE#         43
  C:0961H         LINE#         44
  C:096AH         LINE#         45
  C:0974H         LINE#         46
  C:097DH         LINE#         47
  C:0987H         LINE#         48
  C:0992H         LINE#         49
  C:0995H         LINE#         50
  -------         ENDPROC       MAIN
  -------         ENDMOD        MAIN

  -------         MODULE        ?C_STARTUP
  C:0B21H         SEGMENT       ?C_C51STARTUP
  I:0022H         SEGMENT       ?STACK
  C:0000H         PUBLIC        ?C_STARTUP
  D:00E0H         SYMBOL        ACC
  D:00F0H         SYMBOL        B
  D:0083H         SYMBOL        DPH
  D:0082H         SYMBOL        DPL
  N:0000H         SYMBOL        IBPSTACK
  N:0100H         SYMBOL        IBPSTACKTOP
  N:0080H         SYMBOL        IDATALEN
  C:0B36H         SYMBOL        IDATALOOP
  N:0000H         SYMBOL        PBPSTACK
  N:0000H         SYMBOL        PBPSTACKTOP
  N:0000H         SYMBOL        PDATALEN
  N:0000H         SYMBOL        PDATASTART
  N:0000H         SYMBOL        PPAGE
  N:0000H         SYMBOL        PPAGEENABLE
  D:00A0H         SYMBOL        PPAGE_SFR
  D:0081H         SYMBOL        SP
  C:0B21H         SYMBOL        STARTUP1
  N:0000H         SYMBOL        XBPSTACK
  N:0000H         SYMBOL        XBPSTACKTOP
  N:02FFH         SYMBOL        XDATALEN
  C:0B41H         SYMBOL        XDATALOOP
  N:0000H         SYMBOL        XDATASTART
  C:0000H         LINE#         94
  C:0B21H         LINE#         100
  C:0B24H         LINE#         101
  C:0B27H         LINE#         102
BL51 BANKED LINKER/LOCATER V6.22.2.0                                                  04/03/2019  03:20:59  PAGE 7


  C:0B2AH         LINE#         104
  C:0B2DH         LINE#         105
  C:0B30H         LINE#         106
  C:0B33H         LINE#         109
  C:0B35H         LINE#         110
  C:0B36H         LINE#         111
  C:0B37H         LINE#         112
  C:0B39H         LINE#         116
  C:0B3CH         LINE#         117
  C:0B3EH         LINE#         119
  C:0B40H         LINE#         123
  C:0B41H         LINE#         124
  C:0B42H         LINE#         125
  C:0B43H         LINE#         126
  C:0B45H         LINE#         127
  C:0B47H         LINE#         161
  C:0B4AH         LINE#         165
  -------         ENDMOD        ?C_STARTUP

  -------         MODULE        I2C_HANDLER
  C:0000H         SYMBOL        _ICE_DUMMY_
  D:00B3H         PUBLIC        P1M1
  D:0080H         PUBLIC        P0
  D:00B4H         PUBLIC        P1M2
  D:0090H         PUBLIC        P1
  B:00C0H.2       PUBLIC        AA
  D:00A0H         PUBLIC        P2
  D:00B0H         PUBLIC        P3
  D:00D8H         PUBLIC        PWMCON0
  C:1391H         PUBLIC        _i2c_write
  D:00A8H         PUBLIC        IE
  C:113BH         PUBLIC        _i2c_start
  C:137FH         PUBLIC        i2c_init
  D:00B8H         PUBLIC        IP
  B:00C0H.3       PUBLIC        SI
  C:13FEH         PUBLIC        i2c_stop
  D:0098H         PUBLIC        SCON
  D:0088H         PUBLIC        TCON
  D:00BDH         PUBLIC        I2STAT
  D:00F8H         PUBLIC        SCON_1
  B:00C0H.6       PUBLIC        I2CEN
  D:00BCH         PUBLIC        I2DAT
  D:00BEH         PUBLIC        I2CLK
  D:00E8H         PUBLIC        ADCCON0
  D:00C0H         PUBLIC        I2CON
  D:00C8H         PUBLIC        T2CON
  B:00C0H.5       PUBLIC        STA
  C:1110H         PUBLIC        _i2c_restart
  B:00C0H.4       PUBLIC        STO
  D:00D0H         PUBLIC        PSW
  C:13A3H         PUBLIC        _i2c_read
  -------         PROC          I2C_INIT
  C:137FH         LINE#         17
  C:137FH         LINE#         18
  C:137FH         LINE#         19
  C:1385H         LINE#         20
  C:138BH         LINE#         21
BL51 BANKED LINKER/LOCATER V6.22.2.0                                                  04/03/2019  03:20:59  PAGE 8


  C:138EH         LINE#         22
  C:1390H         LINE#         23
  -------         ENDPROC       I2C_INIT
  -------         PROC          _I2C_WRITE
  D:0007H         SYMBOL        iData
  C:1391H         LINE#         25
  C:1391H         LINE#         26
  C:1391H         LINE#         27
  C:1393H         LINE#         28
  C:1395H         LINE#         29
  C:1398H         LINE#         30
  C:13A1H         LINE#         31
  C:13A2H         LINE#         32
  -------         ENDPROC       _I2C_WRITE
  -------         PROC          _I2C_RESTART
  D:0007H         SYMBOL        iAdd
  C:1110H         LINE#         34
  C:1110H         LINE#         35
  C:1110H         LINE#         36
  C:1112H         LINE#         37
  C:1114H         LINE#         38
  C:1117H         LINE#         39
  C:1120H         LINE#         40
  C:1122H         LINE#         41
  C:1124H         LINE#         42
  C:1126H         LINE#         43
  C:1129H         LINE#         44
  C:1139H         LINE#         45
  C:113AH         LINE#         46
  -------         ENDPROC       _I2C_RESTART
  -------         PROC          _I2C_START
  D:0007H         SYMBOL        iAdd
  C:113BH         LINE#         47
  C:113BH         LINE#         48
  C:113BH         LINE#         49
  C:113DH         LINE#         50
  C:113FH         LINE#         51
  C:1142H         LINE#         52
  C:114BH         LINE#         53
  C:114DH         LINE#         54
  C:114FH         LINE#         55
  C:1151H         LINE#         56
  C:1154H         LINE#         57
  C:1164H         LINE#         58
  C:1165H         LINE#         59
  -------         ENDPROC       _I2C_START
  -------         PROC          I2C_STOP
  C:13FEH         LINE#         61
  C:13FEH         LINE#         62
  C:13FEH         LINE#         63
  C:1400H         LINE#         64
  C:1402H         LINE#         65
  -------         ENDPROC       I2C_STOP
  -------         PROC          _I2C_READ
  D:0007H         SYMBOL        ack
  C:13A3H         LINE#         67
  C:13A3H         LINE#         68
BL51 BANKED LINKER/LOCATER V6.22.2.0                                                  04/03/2019  03:20:59  PAGE 9


  C:13A3H         LINE#         69
  C:13AAH         LINE#         70
  C:13ACH         LINE#         71
  C:13AEH         LINE#         72
  C:13B1H         LINE#         73
  C:13B3H         LINE#         74
  -------         ENDPROC       _I2C_READ
  -------         ENDMOD        I2C_HANDLER

  -------         MODULE        COMMON
  C:0000H         SYMBOL        _ICE_DUMMY_
  D:00B1H         PUBLIC        P0M1
  D:00B3H         PUBLIC        P1M1
  D:00B2H         PUBLIC        P0M2
  D:0080H         PUBLIC        P0
  D:00B4H         PUBLIC        P1M2
  D:0090H         PUBLIC        P1
  D:00A0H         PUBLIC        P2
  D:00B0H         PUBLIC        P3
  D:00D8H         PUBLIC        PWMCON0
  D:00A8H         PUBLIC        IE
  D:00B8H         PUBLIC        IP
  B:0098H.0       PUBLIC        RI
  B:0098H.1       PUBLIC        TI
  B:00F8H.0       PUBLIC        RI_1
  B:00F8H.1       PUBLIC        TI_1
  D:0099H         PUBLIC        SBUF
  D:0087H         PUBLIC        PCON
  D:0098H         PUBLIC        SCON
  D:0089H         PUBLIC        TMOD
  D:0088H         PUBLIC        TCON
  D:009AH         PUBLIC        SBUF_1
  D:00F8H         PUBLIC        SCON_1
  D:00C6H         PUBLIC        RH3
  D:008DH         PUBLIC        TH1
  D:00C5H         PUBLIC        RL3
  C:1089H         PUBLIC        _InitialUART0_Timer1
  C:12C3H         PUBLIC        _InitialUART0_Timer3
  C:10B6H         PUBLIC        _InitialUART1_Timer3
  B:0088H.6       PUBLIC        TR1
  D:00E8H         PUBLIC        ADCCON0
  C:13E6H         PUBLIC        _Send_Data_To_UART0
  C:13F6H         PUBLIC        _Send_Data_To_UART1
  D:00C0H         PUBLIC        I2CON
  D:00C8H         PUBLIC        T2CON
  D:00C4H         PUBLIC        T3CON
  C:13DEH         PUBLIC        Receive_Data_From_UART0
  C:13EEH         PUBLIC        Receive_Data_From_UART1
  D:008EH         PUBLIC        CKCON
  D:00D0H         PUBLIC        PSW
  C:0F1BH         SYMBOL        Com0010
  C:0F1BH         SYMBOL        L?0017
  C:0F1DH         SYMBOL        L?0018
  C:0F31H         SYMBOL        L?0019
  C:0F43H         SYMBOL        L?0020
  -------         PROC          COM0010
  -------         ENDPROC       COM0010
BL51 BANKED LINKER/LOCATER V6.22.2.0                                                  04/03/2019  03:20:59  PAGE 10


  -------         PROC          _INITIALUART0_TIMER1
  D:0004H         SYMBOL        u32Baudrate
  C:1089H         LINE#         23
  C:1089H         LINE#         24
  C:1089H         LINE#         25
  C:1089H         LINE#         26
  C:1089H         LINE#         28
  C:108CH         LINE#         29
  C:108FH         LINE#         31
  C:1092H         LINE#         32
  C:1095H         LINE#         33
  C:1098H         LINE#         36
  C:10B1H         LINE#         41
  C:10B3H         LINE#         42
  C:10B5H         LINE#         43
  -------         ENDPROC       _INITIALUART0_TIMER1
  -------         PROC          _INITIALUART0_TIMER3
  X:0000H         SYMBOL        u32Baudrate
  C:12C3H         LINE#         45
  C:12C8H         LINE#         46
  C:12C8H         LINE#         47
  C:12C8H         LINE#         48
  C:12C8H         LINE#         50
  C:12CBH         LINE#         51
  C:12CEH         LINE#         52
  C:12D1H         LINE#         53
  C:12D4H         LINE#         56
  C:12DAH         LINE#         57
  C:12DFH         LINE#         63
  C:12E2H         LINE#         64
  C:12E4H         LINE#         65
  -------         ENDPROC       _INITIALUART0_TIMER3
  -------         PROC          RECEIVE_DATA_FROM_UART0
  -------         DO            
  D:0007H         SYMBOL        c
  -------         ENDDO         
  C:13DEH         LINE#         67
  C:13DEH         LINE#         68
  C:13DEH         LINE#         70
  C:13E1H         LINE#         71
  C:13E3H         LINE#         72
  C:13E5H         LINE#         73
  C:13E5H         LINE#         74
  -------         ENDPROC       RECEIVE_DATA_FROM_UART0
  -------         PROC          _SEND_DATA_TO_UART0
  D:0007H         SYMBOL        c
  C:13E6H         LINE#         76
  C:13E6H         LINE#         77
  C:13E6H         LINE#         78
  C:13E8H         LINE#         79
  C:13EAH         LINE#         80
  C:13EDH         LINE#         81
  -------         ENDPROC       _SEND_DATA_TO_UART0
  -------         PROC          _INITIALUART1_TIMER3
  X:0004H         SYMBOL        u32Baudrate
  C:10B6H         LINE#         87
  C:10BBH         LINE#         88
BL51 BANKED LINKER/LOCATER V6.22.2.0                                                  04/03/2019  03:20:59  PAGE 11


  C:10BBH         LINE#         89
  C:10C1H         LINE#         90
  C:10C7H         LINE#         92
  C:10CAH         LINE#         93
  C:10CDH         LINE#         94
  C:10D0H         LINE#         97
  C:10D8H         LINE#         98
  C:10DFH         LINE#         104
  C:10E2H         LINE#         105
  -------         ENDPROC       _INITIALUART1_TIMER3
  -------         PROC          RECEIVE_DATA_FROM_UART1
  -------         DO            
  D:0007H         SYMBOL        c
  -------         ENDDO         
  C:13EEH         LINE#         107
  C:13EEH         LINE#         108
  C:13EEH         LINE#         111
  C:13F1H         LINE#         112
  C:13F3H         LINE#         113
  C:13F5H         LINE#         114
  C:13F5H         LINE#         115
  -------         ENDPROC       RECEIVE_DATA_FROM_UART1
  -------         PROC          _SEND_DATA_TO_UART1
  D:0007H         SYMBOL        c
  C:13F6H         LINE#         117
  C:13F6H         LINE#         118
  C:13F6H         LINE#         119
  C:13F8H         LINE#         120
  C:13FAH         LINE#         121
  C:13FDH         LINE#         122
  -------         ENDPROC       _SEND_DATA_TO_UART1
  -------         ENDMOD        COMMON

  -------         MODULE        DELAY
  C:0000H         SYMBOL        _ICE_DUMMY_
  D:0080H         PUBLIC        P0
  D:0090H         PUBLIC        P1
  D:00A0H         PUBLIC        P2
  C:1254H         PUBLIC        _Timer0_Delay100us
  D:00B0H         PUBLIC        P3
  D:00D8H         PUBLIC        PWMCON0
  C:0F53H         PUBLIC        _Timer2_Delay500us
  D:00A8H         PUBLIC        IE
  D:00B8H         PUBLIC        IP
  C:127AH         PUBLIC        _Timer0_Delay1ms
  B:0021H.1       PUBLIC        BIT_TMP
  D:0098H         PUBLIC        SCON
  D:0089H         PUBLIC        TMOD
  D:0088H         PUBLIC        TCON
  D:00F8H         PUBLIC        SCON_1
  B:0088H.5       PUBLIC        TF0
  C:0FBFH         PUBLIC        _Timer1_Delay10ms
  B:0088H.7       PUBLIC        TF1
  B:00C8H.7       PUBLIC        TF2
  D:008CH         PUBLIC        TH0
  D:00C6H         PUBLIC        RH3
  D:008DH         PUBLIC        TH1
BL51 BANKED LINKER/LOCATER V6.22.2.0                                                  04/03/2019  03:20:59  PAGE 12


  D:00CDH         PUBLIC        TH2
  D:008AH         PUBLIC        TL0
  D:00C5H         PUBLIC        RL3
  D:008BH         PUBLIC        TL1
  D:00CCH         PUBLIC        TL2
  C:1057H         PUBLIC        _Timer3_Delay10us
  B:0088H.4       PUBLIC        TR0
  B:0088H.6       PUBLIC        TR1
  B:00C8H.2       PUBLIC        TR2
  D:00E8H         PUBLIC        ADCCON0
  D:00C0H         PUBLIC        I2CON
  D:00C9H         PUBLIC        T2MOD
  D:00C8H         PUBLIC        T2CON
  D:00C4H         PUBLIC        T3CON
  D:008EH         PUBLIC        CKCON
  D:00D0H         PUBLIC        PSW
  C:1025H         PUBLIC        _Timer3_Delay100ms
  C:0F89H         SYMBOL        Com001F
  C:0F89H         SYMBOL        L?0032
  C:0F89H         SYMBOL        L?0033
  C:0F9DH         SYMBOL        L?0034
  C:0FA2H         SYMBOL        L?0035
  C:0FA9H         SYMBOL        L?0036
  C:0FB5H         SYMBOL        L?0037
  -------         PROC          COM001F
  -------         ENDPROC       COM001F
  -------         PROC          _TIMER0_DELAY100US
  X:0008H         SYMBOL        u32CNT
  C:1254H         LINE#         22
  C:1256H         LINE#         23
  C:1256H         LINE#         24
  C:1256H         LINE#         25
  C:1256H         LINE#         26
  C:1259H         LINE#         27
  C:1260H         LINE#         28
  C:1260H         LINE#         29
  C:1263H         LINE#         30
  C:1266H         LINE#         31
  C:1269H         LINE#         32
  C:126BH         LINE#         33
  C:1275H         LINE#         34
  C:1277H         LINE#         35
  C:1279H         LINE#         36
  -------         ENDPROC       _TIMER0_DELAY100US
  -------         PROC          _TIMER0_DELAY1MS
  X:000CH         SYMBOL        u32CNT
  C:127AH         LINE#         38
  C:127CH         LINE#         39
  C:127CH         LINE#         40
  C:127CH         LINE#         41
  C:127CH         LINE#         42
  C:127FH         LINE#         43
  C:1286H         LINE#         44
  C:1286H         LINE#         45
  C:1289H         LINE#         46
  C:128CH         LINE#         47
  C:128FH         LINE#         48
BL51 BANKED LINKER/LOCATER V6.22.2.0                                                  04/03/2019  03:20:59  PAGE 13


  C:1291H         LINE#         49
  C:129BH         LINE#         50
  C:129DH         LINE#         51
  C:129FH         LINE#         52
  -------         ENDPROC       _TIMER0_DELAY1MS
  -------         PROC          _TIMER1_DELAY10MS
  X:0010H         SYMBOL        u32CNT
  C:0FBFH         LINE#         55
  C:0FC4H         LINE#         56
  C:0FC4H         LINE#         57
  C:0FC7H         LINE#         58
  C:0FCAH         LINE#         59
  C:0FCCH         LINE#         60
  C:0FD8H         LINE#         61
  C:0FD8H         LINE#         62
  C:0FDBH         LINE#         63
  C:0FDEH         LINE#         64
  C:0FE1H         LINE#         65
  C:0FE3H         LINE#         66
  C:0FEDH         LINE#         67
  C:0FEFH         LINE#         68
  C:0FF1H         LINE#         69
  -------         ENDPROC       _TIMER1_DELAY10MS
  -------         PROC          _TIMER2_DELAY500US
  X:0014H         SYMBOL        u32CNT
  C:0F53H         LINE#         71
  C:0F58H         LINE#         72
  C:0F58H         LINE#         73
  C:0F5BH         LINE#         74
  C:0F5EH         LINE#         75
  C:0F61H         LINE#         76
  C:0F63H         LINE#         77
  C:0F6FH         LINE#         78
  C:0F6FH         LINE#         79
  C:0F72H         LINE#         80
  C:0F75H         LINE#         81
  C:0F78H         LINE#         82
  C:0F7AH         LINE#         83
  C:0F84H         LINE#         84
  C:0F86H         LINE#         85
  C:0F88H         LINE#         86
  -------         ENDPROC       _TIMER2_DELAY500US
  -------         PROC          _TIMER3_DELAY100MS
  X:0037H         SYMBOL        u32CNT
  C:1025H         LINE#         88
  C:1027H         LINE#         89
  C:1027H         LINE#         90
  C:1027H         LINE#         91
  C:102AH         LINE#         92
  C:1036H         LINE#         93
  C:1036H         LINE#         94
  C:1039H         LINE#         95
  C:103CH         LINE#         96
  C:1044H         LINE#         97
  C:1047H         LINE#         98
  C:1051H         LINE#         99
  C:1053H         LINE#         100
BL51 BANKED LINKER/LOCATER V6.22.2.0                                                  04/03/2019  03:20:59  PAGE 14


  C:1056H         LINE#         101
  -------         ENDPROC       _TIMER3_DELAY100MS
  -------         PROC          _TIMER3_DELAY10US
  X:0018H         SYMBOL        u32CNT
  C:1057H         LINE#         103
  C:1059H         LINE#         104
  C:1059H         LINE#         105
  C:1059H         LINE#         106
  C:105CH         LINE#         107
  C:1068H         LINE#         108
  C:1068H         LINE#         109
  C:106BH         LINE#         110
  C:106EH         LINE#         111
  C:1076H         LINE#         112
  C:1079H         LINE#         113
  C:1083H         LINE#         114
  C:1085H         LINE#         115
  C:1088H         LINE#         116
  -------         ENDPROC       _TIMER3_DELAY10US
  -------         ENDMOD        DELAY

  -------         MODULE        TDS1307
  C:0000H         SYMBOL        _ICE_DUMMY_
  C:1166H         PUBLIC        _RTC_Settings
  C:1190H         PUBLIC        _RTC_Read_GPRAM
  C:1305H         PUBLIC        _RTC_Write_GPRAM
  C:11B8H         PUBLIC        _RTC_GetData
  C:1362H         PUBLIC        _RTC_SetData
  C:0E11H         PUBLIC        _RTC_Set
  C:13B4H         PUBLIC        _BCD_toINT
  -------         PROC          _BCD_TOINT
  D:0007H         SYMBOL        hex
  C:13B4H         LINE#         14
  C:13B4H         LINE#         15
  C:13B4H         LINE#         16
  C:13C4H         LINE#         17
  -------         ENDPROC       _BCD_TOINT
  -------         PROC          _RTC_SETDATA
  X:001CH         SYMBOL        item
  X:001DH         SYMBOL        t_val
  C:1362H         LINE#         20
  C:1369H         LINE#         21
  C:1369H         LINE#         22
  C:136EH         LINE#         23
  C:1375H         LINE#         24
  C:137CH         LINE#         25
  -------         ENDPROC       _RTC_SETDATA
  -------         PROC          _RTC_SET
  X:001EH         SYMBOL        secs
  X:001FH         SYMBOL        mins
  X:0020H         SYMBOL        hours
  X:0021H         SYMBOL        DayOfWeek
  X:0022H         SYMBOL        Date
  X:0023H         SYMBOL        month
  X:0024H         SYMBOL        year
  C:0E11H         LINE#         28
  C:0E1BH         LINE#         29
BL51 BANKED LINKER/LOCATER V6.22.2.0                                                  04/03/2019  03:20:59  PAGE 15


  C:0E1BH         LINE#         30
  C:0E20H         LINE#         31
  C:0E25H         LINE#         32
  C:0E2CH         LINE#         33
  C:0E33H         LINE#         34
  C:0E3AH         LINE#         35
  C:0E41H         LINE#         36
  C:0E48H         LINE#         37
  C:0E4FH         LINE#         38
  C:0E56H         LINE#         39
  -------         ENDPROC       _RTC_SET
  -------         PROC          _RTC_SETTINGS
  D:0007H         SYMBOL        sqw_GPIO_Output
  D:0005H         SYMBOL        sqw_enable
  D:0003H         SYMBOL        sqw_frq_1_4_8_32
  -------         DO            
  X:0025H         SYMBOL        DS1307_Settings
  -------         ENDDO         
  C:1166H         LINE#         42
  C:1166H         LINE#         43
  C:1166H         LINE#         44
  C:1179H         LINE#         45
  C:117CH         LINE#         46
  C:1181H         LINE#         47
  C:1186H         LINE#         48
  C:118DH         LINE#         49
  -------         ENDPROC       _RTC_SETTINGS
  -------         PROC          _RTC_WRITE_GPRAM
  X:0026H         SYMBOL        ramAdd
  X:0027H         SYMBOL        iData
  C:1305H         LINE#         52
  C:130CH         LINE#         53
  C:130CH         LINE#         54
  C:1311H         LINE#         55
  C:131AH         LINE#         56
  C:1321H         LINE#         57
  -------         ENDPROC       _RTC_WRITE_GPRAM
  -------         PROC          _RTC_READ_GPRAM
  X:0028H         SYMBOL        ramAdd
  -------         DO            
  X:0029H         SYMBOL        ret
  -------         ENDDO         
  C:1190H         LINE#         60
  C:1194H         LINE#         61
  C:1194H         LINE#         63
  C:1199H         LINE#         64
  C:11A2H         LINE#         65
  C:11A7H         LINE#         66
  C:11B0H         LINE#         67
  C:11B3H         LINE#         68
  C:11B7H         LINE#         69
  -------         ENDPROC       _RTC_READ_GPRAM
  -------         PROC          _RTC_GETDATA
  X:0037H         SYMBOL        item
  -------         DO            
  X:0038H         SYMBOL        ret
  -------         ENDDO         
BL51 BANKED LINKER/LOCATER V6.22.2.0                                                  04/03/2019  03:20:59  PAGE 16


  C:11B8H         LINE#         71
  C:11BCH         LINE#         72
  C:11BCH         LINE#         74
  C:11C1H         LINE#         75
  C:11C8H         LINE#         76
  C:11CDH         LINE#         77
  C:11D6H         LINE#         78
  C:11D9H         LINE#         79
  -------         ENDPROC       _RTC_GETDATA
  -------         ENDMOD        TDS1307

  -------         MODULE        TSSD1306
  C:0000H         SYMBOL        _ICE_DUMMY_
  C:12A0H         PUBLIC        _OLED_WriteINT
  X:002CH         PUBLIC        SSD1306_COMPINMODE
  X:002DH         PUBLIC        OLED_WIDTH
  C:1324H         PUBLIC        _OLED_SetContrast
  X:002EH         PUBLIC        mPlex
  C:11E0H         PUBLIC        _OLED_Write
  C:0BCDH         PUBLIC        _OLED_WriteChar
  C:0A6FH         PUBLIC        OLED_Init
  C:0CD1H         PUBLIC        _OLED_SetCursor
  C:0006H         PUBLIC        font
  X:002FH         PUBLIC        ACTIVE_FONT_WIDTH
  X:0030H         PUBLIC        OLED_HEIGHT
  C:13C5H         PUBLIC        _OLED_SetFont
  X:0031H         PUBLIC        OLED_ADD
  X:0032H         PUBLIC        OLED_currLine
  C:0E9EH         PUBLIC        _OLED_ClearField
  C:0E59H         PUBLIC        _OLED_Settings
  X:0033H         PUBLIC        OLED_currCol
  C:0D7BH         PUBLIC        OLED_Clear
  X:0034H         PUBLIC        OLED_Col_Offset
  X:0035H         PUBLIC        ActiveFont
  C:0EDFH         PUBLIC        _OLED_ClearLine
  C:13D5H         SYMBOL        Com002B
  C:13D5H         SYMBOL        L?0044
  C:13D5H         SYMBOL        L?0045
  -------         PROC          COM002B
  -------         ENDPROC       COM002B
  -------         PROC          _OLED_SETTINGS
  D:0007H         SYMBOL        oAdd
  D:0005H         SYMBOL        width
  D:0003H         SYMBOL        height
  C:0E59H         LINE#         273
  C:0E59H         LINE#         274
  C:0E59H         LINE#         275
  C:0E5DH         LINE#         276
  C:0E63H         LINE#         277
  C:0E66H         LINE#         278
  C:0E7AH         LINE#         279
  C:0E7DH         LINE#         280
  C:0E89H         LINE#         281
  C:0E91H         LINE#         282
  C:0E91H         LINE#         283
  C:0E94H         LINE#         284
  C:0E99H         LINE#         285
BL51 BANKED LINKER/LOCATER V6.22.2.0                                                  04/03/2019  03:20:59  PAGE 17


  C:0E9AH         LINE#         286
  C:0E9DH         LINE#         287
  -------         ENDPROC       _OLED_SETTINGS
  -------         PROC          _OLED_SETFONT
  D:0007H         SYMBOL        fnt
  C:13C5H         LINE#         289
  C:13C5H         LINE#         290
  C:13C5H         LINE#         291
  C:13C9H         LINE#         292
  C:13CDH         LINE#         293
  C:13D1H         LINE#         295
  C:13D4H         LINE#         296
  -------         ENDPROC       _OLED_SETFONT
  -------         PROC          OLED_INIT
  C:0A6FH         LINE#         297
  C:0A6FH         LINE#         298
  C:0A6FH         LINE#         299
  C:0A72H         LINE#         300
  C:0A79H         LINE#         301
  C:0A7EH         LINE#         302
  C:0A83H         LINE#         303
  C:0A88H         LINE#         304
  C:0A8DH         LINE#         306
  C:0A92H         LINE#         307
  C:0A99H         LINE#         309
  C:0A9EH         LINE#         311
  C:0AA3H         LINE#         313
  C:0AA8H         LINE#         314
  C:0AADH         LINE#         316
  C:0AB2H         LINE#         317
  C:0AB7H         LINE#         319
  C:0ABCH         LINE#         321
  C:0AC1H         LINE#         323
  C:0AC6H         LINE#         324
  C:0ACDH         LINE#         326
  C:0AD2H         LINE#         327
  C:0AD7H         LINE#         329
  C:0ADCH         LINE#         330
  C:0AE1H         LINE#         332
  C:0AE6H         LINE#         333
  C:0AEBH         LINE#         335
  C:0AF0H         LINE#         336
  C:0AF5H         LINE#         338
  C:0AFAH         LINE#         339
  C:0AFFH         LINE#         340
  C:0B07H         LINE#         342
  C:0B0CH         LINE#         343
  C:0B11H         LINE#         344
  C:0B19H         LINE#         346
  C:0B1EH         LINE#         347
  -------         ENDPROC       OLED_INIT
  C:0D1EH         SYMBOL        L?0046
  -------         PROC          _OLED_SETCURSOR
  X:004BH         SYMBOL        line
  X:004CH         SYMBOL        column
  C:0CD1H         LINE#         367
  C:0CD8H         LINE#         368
BL51 BANKED LINKER/LOCATER V6.22.2.0                                                  04/03/2019  03:20:59  PAGE 18


  C:0CD8H         LINE#         369
  C:0CDFH         LINE#         370
  C:0CE4H         LINE#         372
  C:0CE9H         LINE#         373
  C:0CF1H         LINE#         374
  C:0CF9H         LINE#         376
  C:0CFEH         LINE#         377
  C:0D06H         LINE#         378
  C:0D0EH         LINE#         379
  C:0D11H         LINE#         380
  C:0D17H         LINE#         381
  C:0D1DH         LINE#         382
  -------         ENDPROC       _OLED_SETCURSOR
  -------         PROC          _OLED_CLEARLINE
  X:002AH         SYMBOL        line
  -------         DO            
  X:002BH         SYMBOL        i
  -------         ENDDO         
  C:0EDFH         LINE#         384
  C:0EE3H         LINE#         385
  C:0EE3H         LINE#         387
  C:0EE8H         LINE#         388
  C:0EEFH         LINE#         389
  C:0EF4H         LINE#         390
  C:0F03H         LINE#         391
  C:0F03H         LINE#         392
  C:0F08H         LINE#         393
  C:0F0FH         LINE#         394
  C:0F12H         LINE#         395
  -------         ENDPROC       _OLED_CLEARLINE
  -------         PROC          _OLED_CLEARFIELD
  X:0037H         SYMBOL        line
  X:0038H         SYMBOL        bgn
  X:0039H         SYMBOL        end
  -------         DO            
  X:003AH         SYMBOL        i
  -------         ENDDO         
  C:0E9EH         LINE#         399
  C:0EA9H         LINE#         400
  C:0EA9H         LINE#         402
  C:0EACH         LINE#         403
  C:0EB3H         LINE#         404
  C:0EB8H         LINE#         405
  C:0EC6H         LINE#         406
  C:0EC6H         LINE#         407
  C:0ECBH         LINE#         408
  C:0ED2H         LINE#         409
  C:0ED5H         LINE#         410
  -------         ENDPROC       _OLED_CLEARFIELD
  -------         PROC          OLED_CLEAR
  -------         DO            
  X:0049H         SYMBOL        i
  X:004AH         SYMBOL        j
  -------         ENDDO         
  C:0D7BH         LINE#         413
  C:0D7BH         LINE#         414
  C:0D7BH         LINE#         416
BL51 BANKED LINKER/LOCATER V6.22.2.0                                                  04/03/2019  03:20:59  PAGE 19


  C:0D8BH         LINE#         417
  C:0D8BH         LINE#         418
  C:0D90H         LINE#         419
  C:0D97H         LINE#         420
  C:0D9CH         LINE#         421
  C:0DB7H         LINE#         422
  C:0DBAH         LINE#         423
  C:0DC1H         LINE#         424
  -------         ENDPROC       OLED_CLEAR
  -------         PROC          _OLED_WRITECHAR
  X:0047H         SYMBOL        oled_char
  -------         DO            
  X:0048H         SYMBOL        i
  -------         ENDDO         
  C:0BCDH         LINE#         427
  C:0BD1H         LINE#         428
  C:0BD1H         LINE#         430
  C:0BD5H         LINE#         431
  C:0BDCH         LINE#         432
  C:0BE1H         LINE#         433
  C:0BF1H         LINE#         434
  C:0BF1H         LINE#         435
  C:0C20H         LINE#         436
  C:0C27H         LINE#         437
  C:0C37H         LINE#         438
  C:0C37H         LINE#         439
  C:0C3CH         LINE#         440
  C:0C43H         LINE#         441
  C:0C46H         LINE#         442
  C:0C50H         LINE#         443
  C:0C5DH         LINE#         444
  C:0C5DH         LINE#         445
  C:0C6AH         LINE#         446
  C:0C6AH         LINE#         447
  C:0C72H         LINE#         448
  C:0C72H         LINE#         450
  C:0C72H         LINE#         451
  C:0C75H         LINE#         452
  C:0C75H         LINE#         453
  C:0C75H         LINE#         454
  -------         ENDPROC       _OLED_WRITECHAR
  -------         PROC          _OLED_WRITE
  X:0043H         SYMBOL        str
  -------         DO            
  X:0046H         SYMBOL        i
  -------         ENDDO         
  C:11E0H         LINE#         456
  C:11E5H         LINE#         457
  C:11E5H         LINE#         458
  C:11E9H         LINE#         460
  C:11FCH         LINE#         461
  C:11FCH         LINE#         462
  C:11FFH         LINE#         463
  C:1204H         LINE#         464
  C:1206H         LINE#         465
  -------         ENDPROC       _OLED_WRITE
  -------         PROC          _OLED_WRITEINT
BL51 BANKED LINKER/LOCATER V6.22.2.0                                                  04/03/2019  03:20:59  PAGE 20


  D:0006H         SYMBOL        num
  -------         DO            
  X:0037H         SYMBOL        buff
  -------         ENDDO         
  C:12A0H         LINE#         466
  C:12A0H         LINE#         467
  C:12A0H         LINE#         469
  C:12BAH         LINE#         470
  -------         ENDPROC       _OLED_WRITEINT
  -------         PROC          _OLED_SETCONTRAST
  X:0037H         SYMBOL        cntr
  C:1324H         LINE#         472
  C:1328H         LINE#         473
  C:1328H         LINE#         474
  C:132FH         LINE#         475
  C:1334H         LINE#         476
  C:1339H         LINE#         477
  C:1340H         LINE#         478
  -------         ENDPROC       _OLED_SETCONTRAST
  -------         ENDMOD        TSSD1306

  -------         MODULE        ONELINESYMBOLS
  C:0000H         SYMBOL        _ICE_DUMMY_
  C:0E0CH         PUBLIC        Triangle
  C:0DFDH         PUBLIC        Message
  C:0DEEH         PUBLIC        Antenna
  C:10E3H         PUBLIC        _OLED_DrawTriangle
  C:0DCEH         PUBLIC        BatteryL0
  C:0DD6H         PUBLIC        BatteryL1
  C:0DDEH         PUBLIC        BatteryL2
  C:0DE6H         PUBLIC        BatteryL3
  C:0DC7H         PUBLIC        Battery
  C:0FF2H         PUBLIC        _OLED_DrawMessage
  C:0C76H         PUBLIC        _OLED_DrawAntenna
  C:09B1H         PUBLIC        _OLED_DrawBattery
  C:0D29H         PUBLIC        _OLED_DrawSpacer
  C:12E5H         SYMBOL        Com0030
  C:12E5H         SYMBOL        L?0049
  C:12E5H         SYMBOL        L?0050
  C:12F1H         SYMBOL        L?0055
  C:12FBH         SYMBOL        L?0056
  -------         PROC          COM0030
  -------         ENDPROC       COM0030
  C:0A48H         SYMBOL        L?0047
  C:0A57H         SYMBOL        L?0051
  C:0A63H         SYMBOL        L?0053
  -------         PROC          _OLED_DRAWBATTERY
  D:0007H         SYMBOL        line
  D:0005H         SYMBOL        col
  X:0037H         SYMBOL        level
  -------         DO            
  X:0038H         SYMBOL        i
  -------         ENDDO         
  C:09B1H         LINE#         33
  C:09B5H         LINE#         34
  C:09B5H         LINE#         36
  C:09B8H         LINE#         37
BL51 BANKED LINKER/LOCATER V6.22.2.0                                                  04/03/2019  03:20:59  PAGE 21


  C:09BFH         LINE#         38
  C:09C4H         LINE#         39
  C:09D5H         LINE#         40
  C:09D5H         LINE#         41
  C:09D5H         LINE#         42
  C:09DAH         LINE#         43
  C:09EAH         LINE#         45
  C:09EAH         LINE#         46
  C:09EAH         LINE#         47
  C:09F3H         LINE#         48
  C:09F3H         LINE#         49
  C:09F6H         LINE#         50
  C:09FBH         LINE#         51
  C:09FBH         LINE#         52
  C:09FBH         LINE#         53
  C:0A04H         LINE#         54
  C:0A04H         LINE#         55
  C:0A07H         LINE#         56
  C:0A0CH         LINE#         57
  C:0A0CH         LINE#         58
  C:0A0CH         LINE#         59
  C:0A15H         LINE#         60
  C:0A15H         LINE#         61
  C:0A18H         LINE#         62
  C:0A1DH         LINE#         63
  C:0A1DH         LINE#         64
  C:0A1DH         LINE#         65
  C:0A26H         LINE#         66
  C:0A26H         LINE#         67
  C:0A29H         LINE#         68
  C:0A2EH         LINE#         69
  C:0A2EH         LINE#         70
  C:0A2EH         LINE#         71
  C:0A40H         LINE#         72
  C:0A40H         LINE#         73
  C:0A40H         LINE#         74
  C:0A45H         LINE#         75
  C:0A48H         LINE#         76
  -------         ENDPROC       _OLED_DRAWBATTERY
  C:0CC3H         SYMBOL        L?0052
  -------         PROC          _OLED_DRAWANTENNA
  D:0007H         SYMBOL        line
  D:0005H         SYMBOL        col
  X:0037H         SYMBOL        level
  -------         DO            
  X:0038H         SYMBOL        i
  -------         ENDDO         
  C:0C76H         LINE#         85
  C:0C7AH         LINE#         86
  C:0C7AH         LINE#         88
  C:0C7DH         LINE#         89
  C:0C84H         LINE#         90
  C:0C89H         LINE#         91
  C:0C94H         LINE#         92
  C:0C94H         LINE#         93
  C:0C95H         LINE#         94
  C:0C9AH         LINE#         95
BL51 BANKED LINKER/LOCATER V6.22.2.0                                                  04/03/2019  03:20:59  PAGE 22


  C:0CB5H         LINE#         96
  C:0CB5H         LINE#         97
  C:0CB6H         LINE#         98
  C:0CBBH         LINE#         99
  C:0CC0H         LINE#         100
  C:0CC3H         LINE#         101
  -------         ENDPROC       _OLED_DRAWANTENNA
  -------         PROC          _OLED_DRAWMESSAGE
  D:0007H         SYMBOL        line
  D:0005H         SYMBOL        col
  -------         DO            
  X:0037H         SYMBOL        i
  -------         ENDDO         
  C:0FF2H         LINE#         111
  C:0FF2H         LINE#         112
  C:0FF2H         LINE#         114
  C:0FF5H         LINE#         115
  C:0FFCH         LINE#         116
  C:1001H         LINE#         117
  C:1012H         LINE#         118
  C:1012H         LINE#         119
  C:101BH         LINE#         120
  C:1022H         LINE#         121
  -------         ENDPROC       _OLED_DRAWMESSAGE
  -------         PROC          _OLED_DRAWTRIANGLE
  D:0007H         SYMBOL        line
  D:0005H         SYMBOL        col
  -------         DO            
  X:0036H         SYMBOL        i
  -------         ENDDO         
  C:10E3H         LINE#         129
  C:10E3H         LINE#         130
  C:10E3H         LINE#         132
  C:10E6H         LINE#         133
  C:10EDH         LINE#         134
  C:10F2H         LINE#         135
  C:10FDH         LINE#         136
  C:10FDH         LINE#         137
  C:1106H         LINE#         138
  C:110DH         LINE#         139
  -------         ENDPROC       _OLED_DRAWTRIANGLE
  C:0D70H         SYMBOL        L?0054
  -------         PROC          _OLED_DRAWSPACER
  D:0007H         SYMBOL        line
  D:0005H         SYMBOL        col
  X:0037H         SYMBOL        offset
  -------         DO            
  X:0038H         SYMBOL        i
  -------         ENDDO         
  C:0D29H         LINE#         142
  C:0D2DH         LINE#         143
  C:0D2DH         LINE#         145
  C:0D30H         LINE#         146
  C:0D37H         LINE#         147
  C:0D3CH         LINE#         148
  C:0D4FH         LINE#         149
  C:0D54H         LINE#         150
BL51 BANKED LINKER/LOCATER V6.22.2.0                                                  04/03/2019  03:20:59  PAGE 23


  C:0D6DH         LINE#         151
  C:0D70H         LINE#         152
  -------         ENDPROC       _OLED_DRAWSPACER
  -------         ENDMOD        ONELINESYMBOLS

  -------         MODULE        ?C?CLDOPTR
  C:0717H         PUBLIC        ?C?CLDOPTR
  -------         ENDMOD        ?C?CLDOPTR

  -------         MODULE        ?C?ULDIV
  C:0780H         PUBLIC        ?C?ULDIV
  -------         ENDMOD        ?C?ULDIV

  -------         MODULE        ?C?ULCMP
  C:0812H         PUBLIC        ?C?ULCMP
  -------         ENDMOD        ?C?ULCMP

  -------         MODULE        ?C?ULSHR
  C:0823H         PUBLIC        ?C?ULSHR
  -------         ENDMOD        ?C?ULSHR

  -------         MODULE        ?C?LLDPDATA
  C:0836H         PUBLIC        ?C?LLDPDATA
  -------         ENDMOD        ?C?LLDPDATA

  -------         MODULE        ?C?LLDPDATA0
  C:0842H         PUBLIC        ?C?LLDPDATA0
  -------         ENDMOD        ?C?LLDPDATA0

  -------         MODULE        ?C?LSTPDATA
  C:084FH         PUBLIC        ?C?LSTPDATA
  -------         ENDMOD        ?C?LSTPDATA

  -------         MODULE        ?C?OFFXADD
  C:085BH         PUBLIC        ?C?OFFXADD
  -------         ENDMOD        ?C?OFFXADD

  -------         MODULE        ?C?PLDPDATA
  C:0867H         PUBLIC        ?C?PLDPDATA
  -------         ENDMOD        ?C?PLDPDATA

  -------         MODULE        ?C?PSTPDATA
  C:0870H         PUBLIC        ?C?PSTPDATA
  -------         ENDMOD        ?C?PSTPDATA

  -------         MODULE        PRINTF
  X:0043H         PUBLIC        ?_PRINTF517?BYTE
  X:0043H         PUBLIC        ?_PRINTF?BYTE
  X:0043H         PUBLIC        ?_SPRINTF517?BYTE
  X:0043H         PUBLIC        ?_SPRINTF?BYTE
  C:041EH         PUBLIC        _PRINTF
  C:041EH         PUBLIC        _PRINTF517
  C:0418H         PUBLIC        _SPRINTF
  C:0418H         PUBLIC        _SPRINTF517
  -------         ENDMOD        PRINTF

  -------         MODULE        ?C?CLDPTR
BL51 BANKED LINKER/LOCATER V6.22.2.0                                                  04/03/2019  03:20:59  PAGE 24


  C:0879H         PUBLIC        ?C?CLDPTR
  -------         ENDMOD        ?C?CLDPTR

  -------         MODULE        ?C?CSTPTR
  C:0892H         PUBLIC        ?C?CSTPTR
  -------         ENDMOD        ?C?CSTPTR

  -------         MODULE        ?C?PLDIPDATA
  C:08A4H         PUBLIC        ?C?PLDIPDATA
  -------         ENDMOD        ?C?PLDIPDATA

  -------         MODULE        ?C?CCASE
  C:08B4H         PUBLIC        ?C?CCASE
  -------         ENDMOD        ?C?CCASE

  -------         MODULE        PUTCHAR
  C:1207H         PUBLIC        _PUTCHAR
  -------         ENDMOD        PUTCHAR

Program Size: data=15.2 xdata=82 code=5123
LINK/LOCATE RUN COMPLETE.  0 WARNING(S),  0 ERROR(S)
